// Jest Snapshot v1, https://goo.gl/fbAQLP

exports[`App matches a snapshot 1`] = `
Array [
  <h1>
    React Quiz
  </h1>,
  <div>
    <label>
      Choose a font color:
      <br />
      <input
        name="color"
        onChange={[Function]}
        type="color"
        value="#ffffff"
      />
    </label>
    <br />
    <label>
      Choose a background color:
      <br />
      <input
        name="backgroundColor"
        onChange={[Function]}
        type="color"
        value="#000000"
      />
    </label>
  </div>,
  <div>
    <label>
      Enter text:
      <br />
      <input
        name="text"
        onChange={[Function]}
        type="text"
        value="default text"
      />
    </label>
  </div>,
  <div
    style={
      Object {
        "backgroundColor": "#000000",
        "color": "#ffffff",
        "height": "100px",
        "width": "100px",
      }
    }
  >
    <h3>
      default text
    </h3>
  </div>,
  <form
    onSubmit={[Function]}
  >
    <label>
      Name
      <br />
      <input
        name="name"
        onChange={[Function]}
        type="text"
        value=""
      />
    </label>
    <br />
    <label>
      Age
      <br />
      <input
        name="age"
        onChange={[Function]}
        type="number"
        value=""
      />
    </label>
    <br />
    <label>
      Weight
      <br />
      <input
        name="weight"
        onChange={[Function]}
        type="text"
        value=""
      />
    </label>
    <br />
    <button>
      Add
    </button>
  </form>,
  <ul>
    <li>
      <h2>
        Name: 
        b
      </h2>
      <h3>
        Age: 
        4
      </h3>
      <h3>
        Weight: 
        3 lbs
      </h3>
    </li>
  </ul>,
]
`;
